<html>
<body>
<pre>
<h1>µVision Build Log</h1>
<h2>Project:</h2>
C:\Users\Student\Desktop\EVM\Example1\example1.uvproj
Project File Date:  09/04/2017

<h2>Output:</h2>
Build target 'Target 1'
linking...
Program Size: Code=1056 RO-data=0 RW-data=0 ZI-data=1384  
".\example1.axf" - 0 Errors, 0 Warning(s).
Build target 'Target 1'
assembling LPC2300.s...
linking...
Program Size: Code=868 RO-data=0 RW-data=0 ZI-data=1384  
".\example1.axf" - 0 Errors, 0 Warning(s).
Build target 'Target 1'
compiling main.c...
main.c(21): warning:  #177-D: variable "n" was declared but never referenced
linking...
Program Size: Code=912 RO-data=0 RW-data=0 ZI-data=1384  
".\example1.axf" - 0 Errors, 1 Warning(s).
Build target 'Target 1'
compiling main.c...
linking...
Program Size: Code=912 RO-data=0 RW-data=0 ZI-data=1384  
".\example1.axf" - 0 Errors, 0 Warning(s).
Build target 'Target 1'
compiling main.c...
linking...
Program Size: Code=912 RO-data=0 RW-data=0 ZI-data=1384  
".\example1.axf" - 0 Errors, 0 Warning(s).
Build target 'Target 1'
compiling main.c...
linking...
Program Size: Code=912 RO-data=0 RW-data=0 ZI-data=1384  
".\example1.axf" - 0 Errors, 0 Warning(s).
Build target 'Target 1'
compiling main.c...
linking...
Program Size: Code=912 RO-data=0 RW-data=0 ZI-data=1384  
".\example1.axf" - 0 Errors, 0 Warning(s).
Build target 'Target 1'
linking...
Program Size: Code=912 RO-data=0 RW-data=0 ZI-data=1384  
".\example1.axf" - 0 Errors, 0 Warning(s).
Build target 'Target 1'
compiling main.c...
linking...
Program Size: Code=904 RO-data=0 RW-data=0 ZI-data=1384  
".\example1.axf" - 0 Errors, 0 Warning(s).
Build target 'Target 1'
compiling main.c...
linking...
Program Size: Code=912 RO-data=0 RW-data=0 ZI-data=1384  
".\example1.axf" - 0 Errors, 0 Warning(s).
Build target 'Target 1'
compiling main.c...
linking...
Program Size: Code=928 RO-data=0 RW-data=0 ZI-data=1384  
".\example1.axf" - 0 Errors, 0 Warning(s).
Build target 'Target 1'
compiling main.c...
linking...
Program Size: Code=920 RO-data=0 RW-data=0 ZI-data=1384  
".\example1.axf" - 0 Errors, 0 Warning(s).
Rebuild target 'Target 1'
assembling LPC2300.s...
compiling main.c...
linking...
Program Size: Code=920 RO-data=0 RW-data=0 ZI-data=1384  
".\example1.axf" - 0 Errors, 0 Warning(s).
Rebuild target 'Target 1'
assembling LPC2300.s...
compiling main.c...
linking...
Program Size: Code=848 RO-data=0 RW-data=0 ZI-data=1384  
".\example1.axf" - 0 Errors, 0 Warning(s).
Rebuild target 'Target 1'
assembling LPC2300.s...
compiling main.c...
linking...
Program Size: Code=920 RO-data=0 RW-data=0 ZI-data=1384  
".\example1.axf" - 0 Errors, 0 Warning(s).
Rebuild target 'Target 1'
assembling LPC2300.s...
compiling main.c...
linking...
Program Size: Code=912 RO-data=0 RW-data=0 ZI-data=1384  
".\example1.axf" - 0 Errors, 0 Warning(s).
Rebuild target 'Target 1'
assembling LPC2300.s...
compiling main.c...
linking...
Program Size: Code=932 RO-data=0 RW-data=0 ZI-data=1384  
".\example1.axf" - 0 Errors, 0 Warning(s).
